eogha@StarWarsLaptop MINGW64 /c/AgileWorkspace-sem2
$ git clone https://github.com/Akash00226145/dr-care.git
Cloning into 'dr-care'...
fatal: I don't handle protocol 'https'

eogha@StarWarsLaptop MINGW64 /c/AgileWorkspace-sem2
$ git clone https://github.com/Akash00226145/dr-care.git
Cloning into 'dr-care'...
fatal: I don't handle protocol 'https'

eogha@StarWarsLaptop MINGW64 /c/AgileWorkspace-sem2
$git clone https://github.com/Akash00226145/dr-care.git
bash: it: command not found

eogha@StarWarsLaptop MINGW64 /c/AgileWorkspace-sem2
$ git --help
usage: git [--version] [--help] [-C <path>] [-c name=value]
           [--exec-path[=<path>]] [--html-path] [--man-path] [--info-path]
           [-p | --paginate | --no-pager] [--no-replace-objects] [--bare]
           [--git-dir=<path>] [--work-tree=<path>] [--namespace=<name>]
           <command> [<args>]

These are common Git commands used in various situations:

start a working area (see also: git help tutorial)
   clone      Clone a repository into a new directory
   init       Create an empty Git repository or reinitialize an existing one

work on the current change (see also: git help everyday)
   add        Add file contents to the index
   mv         Move or rename a file, a directory, or a symlink
   reset      Reset current HEAD to the specified state
   rm         Remove files from the working tree and from the index

examine the history and state (see also: git help revisions)
   bisect     Use binary search to find the commit that introduced a bug
   grep       Print lines matching a pattern
   log        Show commit logs
   show       Show various types of objects
   status     Show the working tree status

grow, mark and tweak your common history
   branch     List, create, or delete branches
   checkout   Switch branches or restore working tree files
   commit     Record changes to the repository
   diff       Show changes between commits, commit and working tree, etc
   merge      Join two or more development histories together
   rebase     Reapply commits on top of another base tip
   tag        Create, list, delete or verify a tag object signed with GPG

collaborate (see also: git help workflows)
   fetch      Download objects and refs from another repository
   pull       Fetch from and integrate with another repository or a local bra
   push       Update remote refs along with associated objects

'git help -a' and 'git help -g' list available subcommands and some
concept guides. See 'git help <command>' or 'git help <concept>'
to read about a specific subcommand or concept.

eogha@StarWarsLaptop MINGW64 /c/AgileWorkspace-sem2
$git clone https://github.com/Akash00226145/dr-care.git
Cloning into 'dr-care'...
remote: Counting objects: 406, done.
remote: Compressing objects: 100% (211/211), done.
remote: Total 406 (delta 168), reused 405 (delta 167), pack-reused 0
Receiving objects: 100% (406/406), 2.48 MiB | 1.01 MiB/s, done.
Resolving deltas: 100% (168/168), done.

eogha@StarWarsLaptop MINGW64 /c/AgileWorkspace-sem2
$ cd dr-care/

eogha@StarWarsLaptop MINGW64 /c/AgileWorkspace-sem2/dr-care (master)
$ git status
On branch master
Your branch is up-to-date with 'origin/master'.
Changes not staged for commit:
  (use "git add <file>..." to update what will be committed)
  (use "git checkout -- <file>..." to discard changes in working directory)

        modified:   .classpath
        modified:   .settings/org.eclipse.wst.common.project.facet.core.xml

no changes added to commit (use "git add" and/or "git commit -a")

eogha@StarWarsLaptop MINGW64 /c/AgileWorkspace-sem2/dr-care (master)
$ git rm .classpath
error: the following file has local modifications:
    .classpath
(use --cached to keep the file, or -f to force removal)

eogha@StarWarsLaptop MINGW64 /c/AgileWorkspace-sem2/dr-care (master)
$ git status
On branch master
Your branch is up-to-date with 'origin/master'.
Changes not staged for commit:
  (use "git add <file>..." to update what will be committed)
  (use "git checkout -- <file>..." to discard changes in working directory)

        modified:   .classpath
        modified:   .settings/org.eclipse.wst.common.project.facet.core.xml

no changes added to commit (use "git add" and/or "git commit -a")

eogha@StarWarsLaptop MINGW64 /c/AgileWorkspace-sem2/dr-care (master)
$ git status
On branch master
Your branch is up-to-date with 'origin/master'.
Changes not staged for commit:
  (use "git add <file>..." to update what will be committed)
  (use "git checkout -- <file>..." to discard changes in working directory)

        modified:   .classpath
        modified:   .settings/org.eclipse.wst.common.project.facet.core.xml
        modified:   src/dao/PatientUserDAO.java

no changes added to commit (use "git add" and/or "git commit -a")

eogha@StarWarsLaptop MINGW64 /c/AgileWorkspace-sem2/dr-care (master)
$ git add src/dao/PatientUserDAO.java

eogha@StarWarsLaptop MINGW64 /c/AgileWorkspace-sem2/dr-care (master)
$ git status
On branch master
Your branch is up-to-date with 'origin/master'.
Changes to be committed:
  (use "git reset HEAD <file>..." to unstage)

        modified:   src/dao/PatientUserDAO.java

Changes not staged for commit:
  (use "git add <file>..." to update what will be committed)
  (use "git checkout -- <file>..." to discard changes in working directory)

        modified:   .classpath
        modified:   .settings/org.eclipse.wst.common.project.facet.core.xml


eogha@StarWarsLaptop MINGW64 /c/AgileWorkspace-sem2/dr-care (master)
$ git commit -m "bla"
[master 1780b8d] bla
 1 file changed, 1 insertion(+), 1 deletion(-)

eogha@StarWarsLaptop MINGW64 /c/AgileWorkspace-sem2/dr-care (master)
$ git pull origin master
From https://github.com/Akash00226145/dr-care
 * branch            master     -> FETCH_HEAD
Already up-to-date.

eogha@StarWarsLaptop MINGW64 /c/AgileWorkspace-sem2/dr-care (master)
$ git push origin master
Counting objects: 5, done.
Delta compression using up to 4 threads.
Compressing objects: 100% (5/5), done.
Writing objects: 100% (5/5), 457 bytes | 0 bytes/s, done.
Total 5 (delta 3), reused 0 (delta 0)
remote: Resolving deltas: 100% (3/3), completed with 3 local objects.
To https://github.com/Akash00226145/dr-care.git
   7cb0b15..1780b8d  master -> master

eogha@StarWarsLaptop MINGW64 /c/AgileWorkspace-sem2/dr-care (master)
$
